MPLINK 4.49, Linker
Linker Map File - Created Mon Jan 18 12:16:37 2021

                                 Section Info
                  Section       Type    Address   Location Size(Bytes)
                ---------  ---------  ---------  ---------  ---------
                   .org_0       code   0x000000    program   0x000000
                   .org_1       code   0x000000    program   0x00001e
     .config_2007_BLINK.O       code   0x002007    program   0x000002



                              Program Memory Usage 
                               Start         End      
                           ---------   ---------      
                            0x000000    0x00000e      
                            0x002007    0x002007      
            16 out of 1094 program addresses used, program memory utilization is 1%



                              Symbols - Sorted by Name
                     Name    Address   Location    Storage File                     
                ---------  ---------  ---------  --------- ---------                
             CONFIGURANDO   0x000001    program     static D:\IFG\Microprocessados\PiscaLeds\BlinkPIC\source\Blink.asm
                    DELAY   0x00000a    program     static D:\IFG\Microprocessados\PiscaLeds\BlinkPIC\source\Blink.asm
                 DELAYAUX   0x00000c    program     static D:\IFG\Microprocessados\PiscaLeds\BlinkPIC\source\Blink.asm
                     LOOP   0x000005    program     static D:\IFG\Microprocessados\PiscaLeds\BlinkPIC\source\Blink.asm



                              Symbols - Sorted by Address
                     Name    Address   Location    Storage File                     
                ---------  ---------  ---------  --------- ---------                
             CONFIGURANDO   0x000001    program     static D:\IFG\Microprocessados\PiscaLeds\BlinkPIC\source\Blink.asm
                     LOOP   0x000005    program     static D:\IFG\Microprocessados\PiscaLeds\BlinkPIC\source\Blink.asm
                    DELAY   0x00000a    program     static D:\IFG\Microprocessados\PiscaLeds\BlinkPIC\source\Blink.asm
                 DELAYAUX   0x00000c    program     static D:\IFG\Microprocessados\PiscaLeds\BlinkPIC\source\Blink.asm


